  Ôû▓ Next.js 14.2.0

   Creating an optimized production build ...
 Ô£ô Compiled successfully
   Linting and checking validity of types ...

   We detected TypeScript in your project and reconfigured your tsconfig.json file for you. Strict-mode is set to false by default.
   The following suggested values were added to your tsconfig.json. These values can be changed to fit your project's needs:

   	- plugins was updated to add { name: 'next' }

node.exe : Failed to compile.
En C:\Users\kwide\AppData\Roaming\npm\pnpm.ps1: 24 Carácter: 5
+     & "node$exe"  "$basedir/node_modules/pnpm/bin/pnpm.mjs" $args
+     ~~~~~~~~~~~~~~~~~~~~~~~~~~~~~~~~~~~~~~~~~~~~~~~~~~~~~~~~~~~~~
    + CategoryInfo          : NotSpecified: (Failed to compile.:String) [], Re 
   moteException
    + FullyQualifiedErrorId : NativeCommandError
 

./src/components/sections/Blog.tsx:26:5
Type error: Object literal may only specify known properties, and 'page' does 
not exist in type '{ tag?: string | undefined; }'.

[0m [90m 24 |[39m[0m
[0m [90m 25 |[39m   [36mconst[39m { data[33m:[39m postsData[33m,[39m 
isLoading[33m,[39m error } [33m=[39m useBlogPosts({[0m
[0m[31m[1m>[22m[39m[90m 26 |[39m     page[33m:[39m 
currentPage[33m,[39m[0m
[0m [90m    |[39m     [31m[1m^[22m[39m[0m
[0m [90m 27 |[39m     page_size[33m:[39m pageSize[33m,[39m[0m
[0m [90m 28 |[39m     tag[33m:[39m activeTag [33m===[39m 
[32m'all'[39m [33m?[39m undefined [33m:[39m activeTag[33m,[39m[0m
[0m [90m 29 |[39m   })[33m;[39m[0m
